
[1m[46m RUN [49m[22m [36mv4.0.18 [39m[90mC:/Users/cvt10/Sources/Repos/bootstrap-multiselect-workspace[39m

 [31mΓ¥»[39m projects/ng-bootstrap-multiselect/src/lib/multi-select.spec.ts [2m([22m[2m16 tests[22m[2m | [22m[31m16 failed[39m[2m)[22m[32m 16[2mms[22m[39m
[31m     [31m├ù[31m should create[39m[32m 9[2mms[22m[39m
[31m     [31m├ù[31m should show placeholder when no value is selected[39m[32m 1[2mms[22m[39m
[31m     [31m├ù[31m should toggle overlay on click[39m[32m 1[2mms[22m[39m
[31m     [31m├ù[31m should select an option when clicked[39m[32m 0[2mms[22m[39m
[31m     [31m├ù[31m should unselect an option when clicked again[39m[32m 0[2mms[22m[39m
[31m     [31m├ù[31m should filter options[39m[32m 0[2mms[22m[39m
[31m     [31m├ù[31m should select all options when header checkbox is clicked[39m[32m 0[2mms[22m[39m
[31m     [31m├ù[31m should update label correctly with maxSelectedLabels[39m[32m 0[2mms[22m[39m
[31m     [31m├ù[31m should support grouping[39m[32m 0[2mms[22m[39m
[31m     [31m├ù[31m should show loading spinner when loading is true[39m[32m 0[2mms[22m[39m
[31m     [31m├ù[31m should show custom loading icon[39m[32m 0[2mms[22m[39m
[31m     [31m├ù[31m should prevent overlay toggle when loading[39m[32m 0[2mms[22m[39m
[31m     [31m├ù[31m should render virtual scroll viewport when virtualScroll is true[39m[32m 0[2mms[22m[39m
[31m     [31m├ù[31m should show label when label input is provided[39m[32m 0[2mms[22m[39m
[31m     [31m├ù[31m should apply floating classes when has value[39m[32m 0[2mms[22m[39m
[31m     [31m├ù[31m should apply variant classes correctly[39m[32m 0[2mms[22m[39m
node.exe : 
At line:1 char:1
+ & "C:\Program Files\nodejs/node.exe" 
"C:\Program Files\nodejs/node_mo ...
+ ~~~~~~~~~~~~~~~~~~~~~~~~~~~~~~~~~~~~~~~~~~~
~~~~~~~~~~~~~~~~~~~~~~~~~~
    + CategoryInfo          : NotSpecified:  
   (:String) [], RemoteException
    + FullyQualifiedErrorId : NativeCommandE 
   rror
 
[31mΓÄ»ΓÄ»ΓÄ»ΓÄ»ΓÄ»ΓÄ»[39m[1m[41m Failed 
Tests 16 
[49m[22m[31mΓÄ»ΓÄ»ΓÄ»ΓÄ»ΓÄ»ΓÄ»ΓÄ»[39m

[41m[1m FAIL [22m[49m projects/ng-bootstr
ap-multiselect/src/lib/multi-select.spec.ts[
2m > [22mMultiSelect[2m > [22mshould 
create
[41m[1m FAIL [22m[49m projects/ng-bootstr
ap-multiselect/src/lib/multi-select.spec.ts[
2m > [22mMultiSelect[2m > [22mshould show 
placeholder when no value is selected
[41m[1m FAIL [22m[49m projects/ng-bootstr
ap-multiselect/src/lib/multi-select.spec.ts[
2m > [22mMultiSelect[2m > [22mshould 
toggle overlay on click
[41m[1m FAIL [22m[49m projects/ng-bootstr
ap-multiselect/src/lib/multi-select.spec.ts[
2m > [22mMultiSelect[2m > [22mshould 
select an option when clicked
[41m[1m FAIL [22m[49m projects/ng-bootstr
ap-multiselect/src/lib/multi-select.spec.ts[
2m > [22mMultiSelect[2m > [22mshould 
unselect an option when clicked again
[41m[1m FAIL [22m[49m projects/ng-bootstr
ap-multiselect/src/lib/multi-select.spec.ts[
2m > [22mMultiSelect[2m > [22mshould 
filter options
[41m[1m FAIL [22m[49m projects/ng-bootstr
ap-multiselect/src/lib/multi-select.spec.ts[
2m > [22mMultiSelect[2m > [22mshould 
select all options when header checkbox is 
clicked
[41m[1m FAIL [22m[49m projects/ng-bootstr
ap-multiselect/src/lib/multi-select.spec.ts[
2m > [22mMultiSelect[2m > [22mshould 
update label correctly with maxSelectedLabels
[41m[1m FAIL [22m[49m projects/ng-bootstr
ap-multiselect/src/lib/multi-select.spec.ts[
2m > [22mMultiSelect[2m > [22mshould 
support grouping
[41m[1m FAIL [22m[49m projects/ng-bootstr
ap-multiselect/src/lib/multi-select.spec.ts[
2m > [22mMultiSelect[2m > [22mshould show 
loading spinner when loading is true
[41m[1m FAIL [22m[49m projects/ng-bootstr
ap-multiselect/src/lib/multi-select.spec.ts[
2m > [22mMultiSelect[2m > [22mshould show 
custom loading icon
[41m[1m FAIL [22m[49m projects/ng-bootstr
ap-multiselect/src/lib/multi-select.spec.ts[
2m > [22mMultiSelect[2m > [22mshould 
prevent overlay toggle when loading
[41m[1m FAIL [22m[49m projects/ng-bootstr
ap-multiselect/src/lib/multi-select.spec.ts[
2m > [22mMultiSelect[2m > [22mshould 
render virtual scroll viewport when 
virtualScroll is true
[41m[1m FAIL [22m[49m projects/ng-bootstr
ap-multiselect/src/lib/multi-select.spec.ts[
2m > [22mMultiSelect[2m > [22mshould show 
label when label input is provided
[41m[1m FAIL [22m[49m projects/ng-bootstr
ap-multiselect/src/lib/multi-select.spec.ts[
2m > [22mMultiSelect[2m > [22mshould 
apply floating classes when has value
[41m[1m FAIL [22m[49m projects/ng-bootstr
ap-multiselect/src/lib/multi-select.spec.ts[
2m > [22mMultiSelect[2m > [22mshould 
apply variant classes correctly
[31m[1mError[22m: Need to call 
TestBed.initTestEnvironment() first[39m
[90m [2mΓ¥»[22m TestBedImpl.get compiler 
[as compiler] node_modules/@angular/core/fesm
2022/testing.mjs:[2m1486:13[22m[39m
[90m [2mΓ¥»[22m 
TestBedImpl.configureTestingModule node_modul
es/@angular/core/fesm2022/testing.mjs:[2m140
2:10[22m[39m
[90m [2mΓ¥»[22m 
TestBedImpl.configureTestingModule node_modul
es/@angular/core/fesm2022/testing.mjs:[2m127
3:33[22m[39m
[36m [2mΓ¥»[22m projects/ng-bootstrap-mult
iselect/src/lib/multi-select.spec.ts:[2m19:1
9[22m[39m
    [90m 17| [39m
    [90m 18| [39m  
[34mbeforeEach[39m([35masync[39m () 
[33m=>[39m {
    [90m 19| [39m    [35mawait[39m [33mT
estBed[39m[33m.[39m[34mconfigureTestingMo
dule[39m({
    [90m   | [39m                  
[31m^[39m
    [90m 20| [39m      imports[33m:[39m 
[[33mMultiSelect[39m[33m,[39m 
[33mFormsModule[39m[33m,[39m 
[33mScrollingModule[39m]
    [90m 21| [39m    })[33m.[39m[34mcomp
ileComponents[39m()[33m;[39m

[31m[2mΓÄ»ΓÄ»ΓÄ»ΓÄ»ΓÄ»ΓÄ»ΓÄ»ΓÄ»ΓÄ»ΓÄ»ΓÄ»ΓÄ»
ΓÄ»ΓÄ»ΓÄ»ΓÄ»ΓÄ»ΓÄ»ΓÄ»ΓÄ»ΓÄ»ΓÄ»ΓÄ»[1/16]ΓÄ»[2
2m[39m


[2m Test Files [22m [1m[31m1 failed[39m[22m[90m (1)[39m
[2m      Tests [22m [1m[31m16 failed[39m[22m[90m (16)[39m
[2m   Start at [22m 22:10:01
[2m   Duration [22m 988ms[2m (transform 100ms, setup 0ms, import 736ms, tests 16ms, environment 0ms)[22m

